2025-09-21 01:51:40.495 [4172794] LOG_ALARM -----------------  log4z thread started!   ---------------------------- log4z.cpp:1887
2025-09-21 01:51:40.495 [4172794] LOG_ALARM logger id=0 key=Main name=Main path=./log4z/ level=1 display=true log4z.cpp:1893
2025-09-21 01:51:40.545 [4172792] LOG_DEBUG ============================================================= utils_common.cpp:51
2025-09-21 01:51:40.545 [4172792] LOG_DEBUG App name   : PICO XR Teleoperation Node utils_common.cpp:52
2025-09-21 01:51:40.545 [4172792] LOG_DEBUG Build date : Sep 21 2025  01:50:31 utils_common.cpp:53
2025-09-21 01:51:40.545 [4172792] LOG_DEBUG CPU infos  : Intel(R) Core(TM) i9-14900HX utils_common.cpp:54
2025-09-21 01:51:40.545 [4172792] LOG_DEBUG RAM infos  : 15.34GB Physical Memory 2.00GB Virtual Memory utils_common.cpp:55
2025-09-21 01:51:40.545 [4172792] LOG_DEBUG OS  infos  : Linux 6.8.0-79-generic (x86_64) utils_common.cpp:56
2025-09-21 01:51:40.545 [4172792] LOG_DEBUG Home dir   : /home/Xense/ utils_common.cpp:57
2025-09-21 01:51:40.545 [4172792] LOG_DEBUG Current dir: /home/Xense/AC_One/ROS2/X5_ws/ utils_common.cpp:58
2025-09-21 01:51:40.545 [4172792] LOG_DEBUG Date mow   : 2025/09/21 01:51:40 utils_common.cpp:59
2025-09-21 01:51:40.545 [4172792] LOG_DEBUG ============================================================= utils_common.cpp:60
2025-09-21 01:51:40.545 [4172792] LOG_DEBUG GCC version            : 14.3.0 utils_common.cpp:68
2025-09-21 01:51:40.545 [4172792] LOG_DEBUG Boost version          : 1.86.0 utils_common.cpp:76
2025-09-21 01:51:40.545 [4172792] LOG_DEBUG Eigen version          : 3.4.0 utils_common.cpp:81
2025-09-21 01:51:40.545 [4172792] LOG_DEBUG ============================================================= utils_common.cpp:108
2025-09-21 01:51:40.546 [4172792] LOG_INFO No need to delete logs. Current log count: 3
 utils_common.cpp:142
2025-09-21 01:51:40.546 [4172792] LOG_INFO Initializing PICO XR Node... pico_xr_node.cpp:468
2025-09-21 01:51:40.582 [4172792] LOG_INFO PICO XR SDK initialized successfully pico_xr_node.cpp:64
2025-09-21 01:51:41.084 [4172825] LOG_INFO PICO XR server connected pico_xr_node.cpp:110
2025-09-21 01:51:41.086 [4172827] LOG_INFO PICO XR device found: TestDevice pico_xr_node.cpp:122
2025-09-21 01:51:41.089 [4172827] LOG_INFO ✅ PICO XR device connected and receiving data! pico_xr_node.cpp:149
2025-09-21 01:51:45.587 [4172826] LOG_INFO ✅ PICO XR device connected successfully! pico_xr_node.cpp:361
2025-09-21 01:53:14.870 [4172792] LOG_INFO PICO XR SDK deinitialized pico_xr_node.cpp:93
