2025-09-21 01:27:00.921 [4151286] LOG_ALARM -----------------  log4z thread started!   ---------------------------- log4z.cpp:1887
2025-09-21 01:27:00.921 [4151286] LOG_ALARM logger id=0 key=Main name=Main path=./log4z/ level=1 display=true log4z.cpp:1893
2025-09-21 01:27:00.971 [4151284] LOG_DEBUG ============================================================= utils_common.cpp:51
2025-09-21 01:27:00.971 [4151284] LOG_DEBUG App name   : PICO XR Teleoperation Node utils_common.cpp:52
2025-09-21 01:27:00.971 [4151284] LOG_DEBUG Build date : Sep 21 2025  01:25:54 utils_common.cpp:53
2025-09-21 01:27:00.971 [4151284] LOG_DEBUG CPU infos  : Intel(R) Core(TM) i9-14900HX utils_common.cpp:54
2025-09-21 01:27:00.971 [4151284] LOG_DEBUG RAM infos  : 15.34GB Physical Memory 2.00GB Virtual Memory utils_common.cpp:55
2025-09-21 01:27:00.971 [4151284] LOG_DEBUG OS  infos  : Linux 6.8.0-79-generic (x86_64) utils_common.cpp:56
2025-09-21 01:27:00.971 [4151284] LOG_DEBUG Home dir   : /home/Xense/ utils_common.cpp:57
2025-09-21 01:27:00.971 [4151284] LOG_DEBUG Current dir: /home/Xense/AC_One/ROS2/X5_ws/ utils_common.cpp:58
2025-09-21 01:27:00.971 [4151284] LOG_DEBUG Date mow   : 2025/09/21 01:27:00 utils_common.cpp:59
2025-09-21 01:27:00.971 [4151284] LOG_DEBUG ============================================================= utils_common.cpp:60
2025-09-21 01:27:00.971 [4151284] LOG_DEBUG GCC version            : 14.3.0 utils_common.cpp:68
2025-09-21 01:27:00.971 [4151284] LOG_DEBUG Boost version          : 1.86.0 utils_common.cpp:76
2025-09-21 01:27:00.971 [4151284] LOG_DEBUG Eigen version          : 3.4.0 utils_common.cpp:81
2025-09-21 01:27:00.971 [4151284] LOG_DEBUG ============================================================= utils_common.cpp:108
2025-09-21 01:27:00.972 [4151284] LOG_INFO No need to delete logs. Current log count: 2
 utils_common.cpp:142
2025-09-21 01:27:00.972 [4151284] LOG_INFO Initializing PICO XR Node... pico_xr_node.cpp:487
2025-09-21 01:27:01.013 [4151284] LOG_INFO PICO XR SDK initialized successfully pico_xr_node.cpp:84
2025-09-21 01:27:01.517 [4151317] LOG_INFO PICO XR server connected pico_xr_node.cpp:130
2025-09-21 01:27:01.521 [4151319] LOG_INFO PICO XR device found: TestDevice pico_xr_node.cpp:142
2025-09-21 01:27:01.530 [4151319] LOG_INFO ✅ PICO XR device connected and receiving data! pico_xr_node.cpp:169
2025-09-21 01:27:06.018 [4151318] LOG_INFO ✅ PICO XR device connected successfully! pico_xr_node.cpp:381
2025-09-21 01:33:12.037 [4151284] LOG_INFO PICO XR SDK deinitialized pico_xr_node.cpp:113
